apiVersion: v1
kind: Service
metadata:
  labels:
    app.kubernetes.io/component: primary
    app.kubernetes.io/instance: paralus
    app.kubernetes.io/managed-by: Helm
    app.kubernetes.io/name: postgresql
    helm.sh/chart: postgresql-11.1.9
    service.alpha.kubernetes.io/tolerate-unready-endpoints: 'true'
  name: paralus-postgresql-hl
  namespace: syn-paralus
spec:
  clusterIP: None
  ports:
    - name: tcp-postgresql
      port: 5432
      targetPort: tcp-postgresql
  publishNotReadyAddresses: true
  selector:
    app.kubernetes.io/component: primary
    app.kubernetes.io/instance: paralus
    app.kubernetes.io/name: postgresql
  type: ClusterIP
