apiVersion: v1
kind: ServiceAccount
metadata:
  labels:
    app.kubernetes.io/instance: paralus
    app.kubernetes.io/managed-by: Helm
    app.kubernetes.io/name: kratos
    app.kubernetes.io/version: v0.11.1
    helm.sh/chart: kratos-0.29.0
  name: paralus-kratos
  namespace: syn-paralus
