apiVersion: v1
data:
  default_browser_return_url: http://console.paralus.local
  selfservice_flows_error_ui_url: http://console.paralus.local/error-page
  selfservice_flows_recovery_ui_url: http://console.paralus.local/ksettings
  selfservice_flows_registration_ui_url: http://console.paralus.local/registeroidc
  selfservice_flows_settings_ui_url: http://console.paralus.local/ksettings
  serve_public_base_url: http://console.paralus.local
kind: ConfigMap
metadata:
  labels:
    app.kubernetes.io/managed-by: Helm
    app.kubernetes.io/version: v0.2.6
    helm.sh/chart: ztka-0.2.7
  name: kratos-config
