apiVersion: v1
data:
  AUDIT_PATH: /audit-logs
  PARALUS_RELAY_PEERSERVICE: https://paralus:10001
  SENTRY_ADDR: paralus:10000
kind: ConfigMap
metadata:
  labels:
    app.kubernetes.io/instance: paralus
    app.kubernetes.io/managed-by: Helm
    app.kubernetes.io/name: relay
    app.kubernetes.io/version: v0.2.6
    helm.sh/chart: ztka-0.2.7
  name: relay-server-config
