apiVersion: v1
data:
  DB_ADDR: cGFyYWx1cy1wb3N0Z3Jlc3FsLnN5bi1wYXJhbHVzLnN2Yy5jbHVzdGVyLmxvY2Fs
  DB_NAME: YWRtaW5kYg==
  DB_PASSWORD: YWRtaW5kYnBhc3N3b3Jk
  DB_USER: YWRtaW5kYnVzZXI=
  DSN: cG9zdGdyZXM6Ly9hZG1pbmRidXNlcjphZG1pbmRicGFzc3dvcmRAcGFyYWx1cy1wb3N0Z3Jlc3FsLnN5bi1wYXJhbHVzLnN2Yy5jbHVzdGVyLmxvY2FsOjU0MzIvYWRtaW5kYj9zc2xtb2RlPWRpc2FibGU=
kind: Secret
metadata:
  labels:
    app.kubernetes.io/managed-by: Helm
    app.kubernetes.io/version: v0.2.6
    helm.sh/chart: ztka-0.2.7
  name: paralus-db
type: Opaque
