apiVersion: v1
data:
  dsn: cG9zdGdyZXM6Ly9hZG1pbmRidXNlcjphZG1pbmRicGFzc3dvcmRAcGFyYWx1cy1wb3N0Z3Jlc3FsLnN5bi1wYXJhbHVzLnN2Yy5jbHVzdGVyLmxvY2FsOjU0MzIvYWRtaW5kYj9zc2xtb2RlPWRpc2FibGU=
  smtpConnectionURI: c210cHM6Ly90ZXN0OnRlc3RAbXlwb3N0OjEwMjUvP3NraXBfc3NsX3ZlcmlmeT10cnVl
kind: Secret
metadata:
  labels:
    app.kubernetes.io/managed-by: Helm
    app.kubernetes.io/version: v0.2.6
    helm.sh/chart: ztka-0.2.7
  name: kratos
type: Opaque
