apiVersion: v1
data:
  password: YWRtaW5kYnBhc3N3b3Jk
kind: Secret
metadata:
  labels:
    app.kubernetes.io/managed-by: Helm
    app.kubernetes.io/version: v0.2.6
    helm.sh/chart: ztka-0.2.7
  name: postgresql
type: Opaque
