apiVersion: v1
kind: Service
metadata:
  labels:
    app.kubernetes.io/instance: paralus
    app.kubernetes.io/managed-by: Helm
    app.kubernetes.io/name: relay
    app.kubernetes.io/version: v0.2.6
    helm.sh/chart: ztka-0.2.7
  name: relay-server
spec:
  ports:
    - name: https
      port: 443
      protocol: TCP
      targetPort: https
  selector:
    app.kubernetes.io/instance: paralus
    app.kubernetes.io/name: relay
  type: ClusterIP
