apiVersion: v1
kind: ServiceAccount
metadata:
  labels:
    app.kubernetes.io/managed-by: Helm
    app.kubernetes.io/version: v0.2.6
    helm.sh/chart: ztka-0.2.7
  name: paralus-ztka
